2025-04-11 07:01:53.485 [info] [main] Log level: Info
2025-04-11 07:01:53.485 [info] [main] Validating found git in: "git"
2025-04-11 07:01:53.485 [info] [main] Using git "2.39.5" from "git"
2025-04-11 07:01:53.485 [info] [Model][doInitialScan] Initial repository scan started
2025-04-11 07:01:53.485 [info] > git rev-parse --show-toplevel [8ms]
2025-04-11 07:01:53.485 [info] > git rev-parse --git-dir --git-common-dir [40ms]
2025-04-11 07:01:53.485 [info] [Model][openRepository] Opened repository: /root/ValeAPI
2025-04-11 07:01:53.498 [info] > git config --get commit.template [8ms]
2025-04-11 07:01:53.516 [info] > git for-each-ref --format=%(refname)%00%(upstream:short)%00%(objectname)%00%(upstream:track)%00%(upstream:remotename)%00%(upstream:remoteref) refs/heads/main refs/remotes/main [7ms]
2025-04-11 07:01:53.521 [warning] [Git][revParse] Unable to read file: ENOENT: no such file or directory, open '/root/ValeAPI/.git/refs/remotes/origin/main'
2025-04-11 07:01:53.522 [info] > git rev-parse --show-toplevel [7ms]
2025-04-11 07:01:53.529 [info] > git rev-parse refs/remotes/origin/main [8ms]
2025-04-11 07:01:53.542 [info] > git rev-parse --show-toplevel [14ms]
2025-04-11 07:01:53.549 [info] > git rev-parse --show-toplevel [2ms]
2025-04-11 07:01:53.550 [info] > git for-each-ref --sort -committerdate --format %(refname)%00%(objectname)%00%(*objectname) [8ms]
2025-04-11 07:01:53.557 [info] > git rev-parse --show-toplevel [1ms]
2025-04-11 07:01:53.564 [info] > git rev-parse --show-toplevel [2ms]
2025-04-11 07:01:53.571 [info] > git rev-parse --show-toplevel [2ms]
2025-04-11 07:01:53.577 [info] > git status -z -uall [42ms]
2025-04-11 07:01:53.618 [info] > git for-each-ref --format=%(refname)%00%(upstream:short)%00%(objectname)%00%(upstream:track)%00%(upstream:remotename)%00%(upstream:remoteref) refs/heads/main refs/remotes/main [8ms]
2025-04-11 07:01:53.624 [info] > git rev-parse --show-toplevel [48ms]
2025-04-11 07:01:53.637 [info] > git config --get --local branch.main.vscode-merge-base [13ms]
2025-04-11 07:01:53.642 [info] > git config --get commit.template [24ms]
2025-04-11 07:01:53.643 [info] > git rev-parse --show-toplevel [7ms]
2025-04-11 07:01:53.646 [info] [Model][doInitialScan] Initial repository scan completed - repositories (1), closed repositories (0), parent repositories (0), unsafe repositories (0)
2025-04-11 07:01:53.653 [info] > git for-each-ref --format=%(refname)%00%(upstream:short)%00%(objectname)%00%(upstream:track)%00%(upstream:remotename)%00%(upstream:remoteref) refs/heads/origin/main refs/remotes/origin/main [11ms]
2025-04-11 07:01:53.659 [info] > git for-each-ref --format=%(refname)%00%(upstream:short)%00%(objectname)%00%(upstream:track)%00%(upstream:remotename)%00%(upstream:remoteref) refs/heads/main refs/remotes/main [7ms]
2025-04-11 07:01:53.664 [warning] [Git][revParse] Unable to read file: ENOENT: no such file or directory, open '/root/ValeAPI/.git/refs/remotes/origin/main'
2025-04-11 07:01:53.665 [info] > git merge-base refs/heads/main refs/remotes/origin/main [6ms]
2025-04-11 07:01:53.672 [info] > git rev-parse refs/remotes/origin/main [8ms]
2025-04-11 07:01:53.717 [info] > git for-each-ref --sort -committerdate --format %(refname)%00%(objectname)%00%(*objectname) [36ms]
2025-04-11 07:01:53.718 [info] > git diff --name-status -z --diff-filter=ADMR 3622ed008aeebbae42ec04442d4f3b9a214f62cf...refs/remotes/origin/main [46ms]
2025-04-11 07:01:53.719 [info] > git status -z -uall [42ms]
2025-04-11 07:01:54.016 [info] > git check-ignore -v -z --stdin [12ms]
2025-04-11 07:01:54.078 [info] > git show --textconv :auth.py [6ms]
2025-04-11 07:01:54.083 [info] > git ls-files --stage -- auth.py [5ms]
2025-04-11 07:01:54.089 [info] > git cat-file -s dd9beef39bc2c4e5e866fdce0ee5c38425d3fc2f [2ms]
2025-04-11 07:01:54.139 [info] > git blame --root --incremental a456b578ab32a6859d41e7ab2e2f333902576010 -- auth.py [9ms]
2025-04-11 07:01:58.139 [info] > git config --get commit.template [6ms]
2025-04-11 07:01:58.141 [info] > git for-each-ref --format=%(refname)%00%(upstream:short)%00%(objectname)%00%(upstream:track)%00%(upstream:remotename)%00%(upstream:remoteref) refs/heads/main refs/remotes/main [3ms]
2025-04-11 07:01:58.145 [warning] [Git][revParse] Unable to read file: ENOENT: no such file or directory, open '/root/ValeAPI/.git/refs/remotes/origin/main'
2025-04-11 07:01:58.147 [info] > git rev-parse refs/remotes/origin/main [2ms]
2025-04-11 07:01:58.161 [info] > git for-each-ref --sort -committerdate --format %(refname)%00%(objectname)%00%(*objectname) [2ms]
2025-04-11 07:01:58.215 [info] > git status -z -uall [63ms]
2025-04-11 07:02:03.235 [info] > git config --get commit.template [7ms]
2025-04-11 07:02:03.236 [info] > git for-each-ref --format=%(refname)%00%(upstream:short)%00%(objectname)%00%(upstream:track)%00%(upstream:remotename)%00%(upstream:remoteref) refs/heads/main refs/remotes/main [2ms]
2025-04-11 07:02:03.241 [warning] [Git][revParse] Unable to read file: ENOENT: no such file or directory, open '/root/ValeAPI/.git/refs/remotes/origin/main'
2025-04-11 07:02:03.242 [info] > git rev-parse refs/remotes/origin/main [1ms]
2025-04-11 07:02:03.256 [info] > git for-each-ref --sort -committerdate --format %(refname)%00%(objectname)%00%(*objectname) [2ms]
2025-04-11 07:02:03.286 [info] > git status -z -uall [38ms]
2025-04-11 07:02:08.309 [info] > git config --get commit.template [7ms]
2025-04-11 07:02:08.311 [info] > git for-each-ref --format=%(refname)%00%(upstream:short)%00%(objectname)%00%(upstream:track)%00%(upstream:remotename)%00%(upstream:remoteref) refs/heads/main refs/remotes/main [2ms]
2025-04-11 07:02:08.316 [warning] [Git][revParse] Unable to read file: ENOENT: no such file or directory, open '/root/ValeAPI/.git/refs/remotes/origin/main'
2025-04-11 07:02:08.318 [info] > git rev-parse refs/remotes/origin/main [2ms]
2025-04-11 07:02:08.333 [info] > git for-each-ref --sort -committerdate --format %(refname)%00%(objectname)%00%(*objectname) [3ms]
2025-04-11 07:02:08.368 [info] > git status -z -uall [45ms]
2025-04-11 07:02:17.444 [info] > git config --get commit.template [8ms]
2025-04-11 07:02:17.446 [info] > git for-each-ref --format=%(refname)%00%(upstream:short)%00%(objectname)%00%(upstream:track)%00%(upstream:remotename)%00%(upstream:remoteref) refs/heads/main refs/remotes/main [3ms]
2025-04-11 07:02:17.453 [warning] [Git][revParse] Unable to read file: ENOENT: no such file or directory, open '/root/ValeAPI/.git/refs/remotes/origin/main'
2025-04-11 07:02:17.455 [info] > git rev-parse refs/remotes/origin/main [2ms]
2025-04-11 07:02:17.474 [info] > git for-each-ref --sort -committerdate --format %(refname)%00%(objectname)%00%(*objectname) [3ms]
2025-04-11 07:02:17.505 [info] > git status -z -uall [43ms]
2025-04-11 07:02:22.527 [info] > git config --get commit.template [7ms]
2025-04-11 07:02:22.528 [info] > git for-each-ref --format=%(refname)%00%(upstream:short)%00%(objectname)%00%(upstream:track)%00%(upstream:remotename)%00%(upstream:remoteref) refs/heads/main refs/remotes/main [2ms]
2025-04-11 07:02:22.534 [warning] [Git][revParse] Unable to read file: ENOENT: no such file or directory, open '/root/ValeAPI/.git/refs/remotes/origin/main'
2025-04-11 07:02:22.535 [info] > git rev-parse refs/remotes/origin/main [1ms]
2025-04-11 07:02:22.550 [info] > git for-each-ref --sort -committerdate --format %(refname)%00%(objectname)%00%(*objectname) [2ms]
2025-04-11 07:02:22.584 [info] > git status -z -uall [43ms]
2025-04-11 07:02:27.606 [info] > git config --get commit.template [8ms]
2025-04-11 07:02:27.608 [info] > git for-each-ref --format=%(refname)%00%(upstream:short)%00%(objectname)%00%(upstream:track)%00%(upstream:remotename)%00%(upstream:remoteref) refs/heads/main refs/remotes/main [3ms]
2025-04-11 07:02:27.614 [warning] [Git][revParse] Unable to read file: ENOENT: no such file or directory, open '/root/ValeAPI/.git/refs/remotes/origin/main'
2025-04-11 07:02:27.616 [info] > git rev-parse refs/remotes/origin/main [2ms]
2025-04-11 07:02:27.631 [info] > git for-each-ref --sort -committerdate --format %(refname)%00%(objectname)%00%(*objectname) [2ms]
2025-04-11 07:02:27.665 [info] > git status -z -uall [43ms]
2025-04-11 07:02:45.307 [info] > git config --get commit.template [7ms]
2025-04-11 07:02:45.309 [info] > git for-each-ref --format=%(refname)%00%(upstream:short)%00%(objectname)%00%(upstream:track)%00%(upstream:remotename)%00%(upstream:remoteref) refs/heads/main refs/remotes/main [3ms]
2025-04-11 07:02:45.316 [warning] [Git][revParse] Unable to read file: ENOENT: no such file or directory, open '/root/ValeAPI/.git/refs/remotes/origin/main'
2025-04-11 07:02:45.318 [info] > git rev-parse refs/remotes/origin/main [2ms]
2025-04-11 07:02:45.338 [info] > git for-each-ref --sort -committerdate --format %(refname)%00%(objectname)%00%(*objectname) [2ms]
2025-04-11 07:02:45.377 [info] > git status -z -uall [51ms]
2025-04-11 07:02:50.398 [info] > git config --get commit.template [7ms]
2025-04-11 07:02:50.400 [info] > git for-each-ref --format=%(refname)%00%(upstream:short)%00%(objectname)%00%(upstream:track)%00%(upstream:remotename)%00%(upstream:remoteref) refs/heads/main refs/remotes/main [3ms]
2025-04-11 07:02:50.406 [warning] [Git][revParse] Unable to read file: ENOENT: no such file or directory, open '/root/ValeAPI/.git/refs/remotes/origin/main'
2025-04-11 07:02:50.407 [info] > git rev-parse refs/remotes/origin/main [2ms]
2025-04-11 07:02:50.425 [info] > git for-each-ref --sort -committerdate --format %(refname)%00%(objectname)%00%(*objectname) [2ms]
2025-04-11 07:02:50.456 [info] > git status -z -uall [43ms]
2025-04-11 07:02:55.477 [info] > git config --get commit.template [7ms]
2025-04-11 07:02:55.478 [info] > git for-each-ref --format=%(refname)%00%(upstream:short)%00%(objectname)%00%(upstream:track)%00%(upstream:remotename)%00%(upstream:remoteref) refs/heads/main refs/remotes/main [2ms]
2025-04-11 07:02:55.484 [warning] [Git][revParse] Unable to read file: ENOENT: no such file or directory, open '/root/ValeAPI/.git/refs/remotes/origin/main'
2025-04-11 07:02:55.486 [info] > git rev-parse refs/remotes/origin/main [2ms]
2025-04-11 07:02:55.500 [info] > git for-each-ref --sort -committerdate --format %(refname)%00%(objectname)%00%(*objectname) [2ms]
2025-04-11 07:02:55.532 [info] > git status -z -uall [40ms]
2025-04-11 07:03:08.933 [info] > git config --get commit.template [7ms]
2025-04-11 07:03:08.934 [info] > git for-each-ref --format=%(refname)%00%(upstream:short)%00%(objectname)%00%(upstream:track)%00%(upstream:remotename)%00%(upstream:remoteref) refs/heads/main refs/remotes/main [2ms]
2025-04-11 07:03:08.941 [warning] [Git][revParse] Unable to read file: ENOENT: no such file or directory, open '/root/ValeAPI/.git/refs/remotes/origin/main'
2025-04-11 07:03:08.943 [info] > git rev-parse refs/remotes/origin/main [2ms]
2025-04-11 07:03:08.957 [info] > git for-each-ref --sort -committerdate --format %(refname)%00%(objectname)%00%(*objectname) [2ms]
2025-04-11 07:03:08.990 [info] > git status -z -uall [42ms]
2025-04-11 07:03:14.012 [info] > git config --get commit.template [8ms]
2025-04-11 07:03:14.013 [info] > git for-each-ref --format=%(refname)%00%(upstream:short)%00%(objectname)%00%(upstream:track)%00%(upstream:remotename)%00%(upstream:remoteref) refs/heads/main refs/remotes/main [2ms]
2025-04-11 07:03:14.019 [warning] [Git][revParse] Unable to read file: ENOENT: no such file or directory, open '/root/ValeAPI/.git/refs/remotes/origin/main'
2025-04-11 07:03:14.021 [info] > git rev-parse refs/remotes/origin/main [2ms]
2025-04-11 07:03:14.035 [info] > git for-each-ref --sort -committerdate --format %(refname)%00%(objectname)%00%(*objectname) [2ms]
2025-04-11 07:03:14.066 [info] > git status -z -uall [40ms]
2025-04-11 07:03:19.088 [info] > git config --get commit.template [10ms]
2025-04-11 07:03:19.090 [info] > git for-each-ref --format=%(refname)%00%(upstream:short)%00%(objectname)%00%(upstream:track)%00%(upstream:remotename)%00%(upstream:remoteref) refs/heads/main refs/remotes/main [3ms]
2025-04-11 07:03:19.098 [warning] [Git][revParse] Unable to read file: ENOENT: no such file or directory, open '/root/ValeAPI/.git/refs/remotes/origin/main'
2025-04-11 07:03:19.100 [info] > git rev-parse refs/remotes/origin/main [2ms]
2025-04-11 07:03:19.117 [info] > git for-each-ref --sort -committerdate --format %(refname)%00%(objectname)%00%(*objectname) [2ms]
2025-04-11 07:03:19.150 [info] > git status -z -uall [42ms]
2025-04-11 07:03:24.171 [info] > git config --get commit.template [8ms]
2025-04-11 07:03:24.172 [info] > git for-each-ref --format=%(refname)%00%(upstream:short)%00%(objectname)%00%(upstream:track)%00%(upstream:remotename)%00%(upstream:remoteref) refs/heads/main refs/remotes/main [2ms]
2025-04-11 07:03:24.178 [warning] [Git][revParse] Unable to read file: ENOENT: no such file or directory, open '/root/ValeAPI/.git/refs/remotes/origin/main'
2025-04-11 07:03:24.180 [info] > git rev-parse refs/remotes/origin/main [2ms]
2025-04-11 07:03:24.195 [info] > git for-each-ref --sort -committerdate --format %(refname)%00%(objectname)%00%(*objectname) [2ms]
2025-04-11 07:03:24.231 [info] > git status -z -uall [45ms]
2025-04-11 07:03:29.250 [info] > git config --get commit.template [6ms]
2025-04-11 07:03:29.252 [info] > git for-each-ref --format=%(refname)%00%(upstream:short)%00%(objectname)%00%(upstream:track)%00%(upstream:remotename)%00%(upstream:remoteref) refs/heads/main refs/remotes/main [3ms]
2025-04-11 07:03:29.257 [warning] [Git][revParse] Unable to read file: ENOENT: no such file or directory, open '/root/ValeAPI/.git/refs/remotes/origin/main'
2025-04-11 07:03:29.259 [info] > git rev-parse refs/remotes/origin/main [2ms]
2025-04-11 07:03:29.274 [info] > git for-each-ref --sort -committerdate --format %(refname)%00%(objectname)%00%(*objectname) [2ms]
2025-04-11 07:03:29.308 [info] > git status -z -uall [43ms]
2025-04-11 07:03:34.336 [info] > git config --get commit.template [8ms]
2025-04-11 07:03:34.337 [info] > git for-each-ref --format=%(refname)%00%(upstream:short)%00%(objectname)%00%(upstream:track)%00%(upstream:remotename)%00%(upstream:remoteref) refs/heads/main refs/remotes/main [2ms]
2025-04-11 07:03:34.345 [warning] [Git][revParse] Unable to read file: ENOENT: no such file or directory, open '/root/ValeAPI/.git/refs/remotes/origin/main'
2025-04-11 07:03:34.347 [info] > git rev-parse refs/remotes/origin/main [2ms]
2025-04-11 07:03:34.363 [info] > git for-each-ref --sort -committerdate --format %(refname)%00%(objectname)%00%(*objectname) [2ms]
2025-04-11 07:03:34.400 [info] > git status -z -uall [45ms]
2025-04-11 07:03:39.419 [info] > git config --get commit.template [7ms]
2025-04-11 07:03:39.420 [info] > git for-each-ref --format=%(refname)%00%(upstream:short)%00%(objectname)%00%(upstream:track)%00%(upstream:remotename)%00%(upstream:remoteref) refs/heads/main refs/remotes/main [2ms]
2025-04-11 07:03:39.427 [warning] [Git][revParse] Unable to read file: ENOENT: no such file or directory, open '/root/ValeAPI/.git/refs/remotes/origin/main'
2025-04-11 07:03:39.429 [info] > git rev-parse refs/remotes/origin/main [2ms]
2025-04-11 07:03:39.446 [info] > git for-each-ref --sort -committerdate --format %(refname)%00%(objectname)%00%(*objectname) [4ms]
2025-04-11 07:03:39.478 [info] > git status -z -uall [43ms]
2025-04-11 07:03:44.498 [info] > git config --get commit.template [7ms]
2025-04-11 07:03:44.499 [info] > git for-each-ref --format=%(refname)%00%(upstream:short)%00%(objectname)%00%(upstream:track)%00%(upstream:remotename)%00%(upstream:remoteref) refs/heads/main refs/remotes/main [2ms]
2025-04-11 07:03:44.505 [warning] [Git][revParse] Unable to read file: ENOENT: no such file or directory, open '/root/ValeAPI/.git/refs/remotes/origin/main'
2025-04-11 07:03:44.507 [info] > git rev-parse refs/remotes/origin/main [2ms]
2025-04-11 07:03:44.522 [info] > git for-each-ref --sort -committerdate --format %(refname)%00%(objectname)%00%(*objectname) [2ms]
2025-04-11 07:03:44.556 [info] > git status -z -uall [43ms]
2025-04-11 07:03:49.576 [info] > git config --get commit.template [7ms]
2025-04-11 07:03:49.577 [info] > git for-each-ref --format=%(refname)%00%(upstream:short)%00%(objectname)%00%(upstream:track)%00%(upstream:remotename)%00%(upstream:remoteref) refs/heads/main refs/remotes/main [2ms]
2025-04-11 07:03:49.584 [warning] [Git][revParse] Unable to read file: ENOENT: no such file or directory, open '/root/ValeAPI/.git/refs/remotes/origin/main'
2025-04-11 07:03:49.586 [info] > git rev-parse refs/remotes/origin/main [2ms]
2025-04-11 07:03:49.602 [info] > git for-each-ref --sort -committerdate --format %(refname)%00%(objectname)%00%(*objectname) [3ms]
2025-04-11 07:03:49.635 [info] > git status -z -uall [42ms]
2025-04-11 07:03:54.656 [info] > git config --get commit.template [8ms]
2025-04-11 07:03:54.657 [info] > git for-each-ref --format=%(refname)%00%(upstream:short)%00%(objectname)%00%(upstream:track)%00%(upstream:remotename)%00%(upstream:remoteref) refs/heads/main refs/remotes/main [2ms]
2025-04-11 07:03:54.664 [warning] [Git][revParse] Unable to read file: ENOENT: no such file or directory, open '/root/ValeAPI/.git/refs/remotes/origin/main'
2025-04-11 07:03:54.665 [info] > git rev-parse refs/remotes/origin/main [1ms]
2025-04-11 07:03:54.681 [info] > git for-each-ref --sort -committerdate --format %(refname)%00%(objectname)%00%(*objectname) [3ms]
2025-04-11 07:03:54.712 [info] > git status -z -uall [41ms]
2025-04-11 07:04:50.766 [info] > git config --get commit.template [7ms]
2025-04-11 07:04:50.767 [info] > git for-each-ref --format=%(refname)%00%(upstream:short)%00%(objectname)%00%(upstream:track)%00%(upstream:remotename)%00%(upstream:remoteref) refs/heads/main refs/remotes/main [3ms]
2025-04-11 07:04:50.773 [warning] [Git][revParse] Unable to read file: ENOENT: no such file or directory, open '/root/ValeAPI/.git/refs/remotes/origin/main'
2025-04-11 07:04:50.775 [info] > git rev-parse refs/remotes/origin/main [2ms]
2025-04-11 07:04:50.790 [info] > git for-each-ref --sort -committerdate --format %(refname)%00%(objectname)%00%(*objectname) [3ms]
2025-04-11 07:04:50.825 [info] > git status -z -uall [44ms]
2025-04-11 07:04:55.840 [info] > git config --get commit.template [1ms]
2025-04-11 07:04:55.847 [info] > git for-each-ref --format=%(refname)%00%(upstream:short)%00%(objectname)%00%(upstream:track)%00%(upstream:remotename)%00%(upstream:remoteref) refs/heads/main refs/remotes/main [2ms]
2025-04-11 07:04:55.854 [warning] [Git][revParse] Unable to read file: ENOENT: no such file or directory, open '/root/ValeAPI/.git/refs/remotes/origin/main'
2025-04-11 07:04:55.855 [info] > git rev-parse refs/remotes/origin/main [2ms]
2025-04-11 07:04:55.873 [info] > git for-each-ref --sort -committerdate --format %(refname)%00%(objectname)%00%(*objectname) [3ms]
2025-04-11 07:04:55.901 [info] > git status -z -uall [39ms]
2025-04-11 07:04:58.619 [info] > git show -s --decorate=full --shortstat --format=%H%n%aN%n%aE%n%at%n%ct%n%P%n%D%n%B -z 3622ed008aeebbae42ec04442d4f3b9a214f62cf -- [6ms]
2025-04-11 07:04:58.632 [info] > git rev-list origin/main..main [2ms]
2025-04-11 07:05:00.916 [info] > git config --get commit.template [2ms]
2025-04-11 07:05:00.925 [info] > git for-each-ref --format=%(refname)%00%(upstream:short)%00%(objectname)%00%(upstream:track)%00%(upstream:remotename)%00%(upstream:remoteref) refs/heads/main refs/remotes/main [2ms]
2025-04-11 07:05:00.932 [warning] [Git][revParse] Unable to read file: ENOENT: no such file or directory, open '/root/ValeAPI/.git/refs/remotes/origin/main'
2025-04-11 07:05:00.934 [info] > git rev-parse refs/remotes/origin/main [2ms]
2025-04-11 07:05:00.948 [info] > git for-each-ref --sort -committerdate --format %(refname)%00%(objectname)%00%(*objectname) [2ms]
2025-04-11 07:05:00.984 [info] > git status -z -uall [45ms]
2025-04-11 07:05:02.201 [info] > git check-ignore -v -z --stdin [5ms]
2025-04-11 07:05:06.008 [info] > git config --get commit.template [8ms]
2025-04-11 07:05:06.009 [info] > git for-each-ref --format=%(refname)%00%(upstream:short)%00%(objectname)%00%(upstream:track)%00%(upstream:remotename)%00%(upstream:remoteref) refs/heads/main refs/remotes/main [2ms]
2025-04-11 07:05:06.015 [warning] [Git][revParse] Unable to read file: ENOENT: no such file or directory, open '/root/ValeAPI/.git/refs/remotes/origin/main'
2025-04-11 07:05:06.017 [info] > git rev-parse refs/remotes/origin/main [2ms]
2025-04-11 07:05:06.031 [info] > git for-each-ref --sort -committerdate --format %(refname)%00%(objectname)%00%(*objectname) [2ms]
2025-04-11 07:05:06.065 [info] > git status -z -uall [41ms]
2025-04-11 07:05:35.605 [info] > git config --get commit.template [3ms]
2025-04-11 07:05:35.618 [info] > git for-each-ref --format=%(refname)%00%(upstream:short)%00%(objectname)%00%(upstream:track)%00%(upstream:remotename)%00%(upstream:remoteref) refs/heads/main refs/remotes/main [3ms]
2025-04-11 07:05:35.626 [warning] [Git][revParse] Unable to read file: ENOENT: no such file or directory, open '/root/ValeAPI/.git/refs/remotes/origin/main'
2025-04-11 07:05:35.628 [info] > git rev-parse refs/remotes/origin/main [2ms]
2025-04-11 07:05:35.644 [info] > git for-each-ref --sort -committerdate --format %(refname)%00%(objectname)%00%(*objectname) [3ms]
2025-04-11 07:05:35.678 [info] > git status -z -uall [44ms]
