2025-04-11 06:28:46.878 [info] Experiment 'pythonRecommendTensorboardExt' is active
2025-04-11 06:28:46.878 [info] Experiment 'pythonTerminalEnvVarActivation' is active
2025-04-11 06:28:46.901 [warning] Dir "/root/ValeAPI/.pixi/envs" is not watchable (directory does not exist)
2025-04-11 06:28:46.946 [info] Starting Environment refresh
2025-04-11 06:28:46.947 [info] Searching for interpreters in posix paths locator
2025-04-11 06:28:46.956 [info] Searching for pyenv environments
2025-04-11 06:28:46.956 [info] Searching for conda environments
2025-04-11 06:28:46.956 [info] Searching for global virtual environments
2025-04-11 06:28:46.956 [info] Searching for custom virtual environments
2025-04-11 06:28:46.969 [info] pyenv is not installed
2025-04-11 06:28:46.969 [info] Finished searching for pyenv environments: 21 milliseconds
2025-04-11 06:28:46.969 [info] Finished searching for custom virtual envs: 20 milliseconds
2025-04-11 06:28:46.978 [info] > conda info --json
2025-04-11 06:28:46.985 [info] > hatch env show --json
2025-04-11 06:28:46.985 [info] cwd: .
2025-04-11 06:28:46.996 [info] > pyenv which python
2025-04-11 06:28:46.996 [info] cwd: .
2025-04-11 06:28:46.996 [info] Finished searching for global virtual envs: 47 milliseconds
2025-04-11 06:28:47.713 [info] > /opt/anaconda3/bin/conda info --json
2025-04-11 06:28:47.723 [info] Found: /bin/python3 --> /bin/python3.11
2025-04-11 06:28:47.725 [info] Found: /bin/python3.11 --> /bin/python3.11
2025-04-11 06:28:47.757 [info] Found: /usr/bin/python3 --> /usr/bin/python3.11
2025-04-11 06:28:47.757 [info] Found: /usr/bin/python3.11 --> /usr/bin/python3.11
2025-04-11 06:28:47.776 [info] > ./bin/python -I ~/.vscode/extensions/ms-python.python-2025.4.0-linux-x64/python_files/get_output_via_markers.py ~/.vscode/extensions/ms-python.python-2025.4.0-linux-x64/python_files/interpreterInfo.py
2025-04-11 06:28:47.792 [info] Finished searching for interpreters in posix paths locator: 841 milliseconds
2025-04-11 06:28:47.792 [info] > /bin/python3 -I ~/.vscode/extensions/ms-python.python-2025.4.0-linux-x64/python_files/get_output_via_markers.py ~/.vscode/extensions/ms-python.python-2025.4.0-linux-x64/python_files/interpreterInfo.py
2025-04-11 06:28:47.834 [info] > /usr/bin/python3 -I ~/.vscode/extensions/ms-python.python-2025.4.0-linux-x64/python_files/get_output_via_markers.py ~/.vscode/extensions/ms-python.python-2025.4.0-linux-x64/python_files/interpreterInfo.py
2025-04-11 06:28:49.781 [info] Finished searching for conda environments: 2833 milliseconds
2025-04-11 06:28:49.791 [info] > /opt/anaconda3/bin/python -I ~/.vscode/extensions/ms-python.python-2025.4.0-linux-x64/python_files/get_output_via_markers.py ~/.vscode/extensions/ms-python.python-2025.4.0-linux-x64/python_files/interpreterInfo.py
2025-04-11 06:28:49.791 [info] Environments refresh paths discovered (event): 2846 milliseconds
2025-04-11 06:28:49.791 [info] Environments refresh paths discovered: 2846 milliseconds
2025-04-11 06:28:49.836 [info] Environments refresh finished (event): 2891 milliseconds
2025-04-11 06:28:49.846 [info] Environment refresh took 2901 milliseconds
2025-04-11 06:28:49.891 [info] Python interpreter path: ./bin/python
2025-04-11 06:28:50.857 [warning] Shell integration may not be active, environment activated may be overridden by the shell.
2025-04-11 06:28:50.868 [info] > . ./bin/activate && echo 'e8b39361-0157-4923-80e1-22d70d46dee6' && python ~/.vscode/extensions/ms-python.python-2025.4.0-linux-x64/python_files/printEnvVariables.py
2025-04-11 06:28:50.868 [info] shell: zsh
2025-04-11 06:28:50.906 [info] > /bin/python3 ~/.vscode/extensions/ms-python.python-2025.4.0-linux-x64/python_files/printEnvVariables.py
2025-04-11 06:28:50.906 [info] shell: zsh
2025-04-11 06:28:51.306 [info] Starting Pylance language server.
2025-04-11 06:28:51.937 [info] Prepending environment variable PATH in collection with /root/.vscode/extensions/ms-python.python-2025.4.0-linux-x64/python_files/deactivate/zsh:/root/ValeAPI/bin: {"applyAtShellIntegration":true,"applyAtProcessCreation":true}
2025-04-11 06:28:51.937 [info] Setting environment variable VIRTUAL_ENV in collection to /root/ValeAPI {"applyAtShellIntegration":true,"applyAtProcessCreation":true}
2025-04-11 06:28:51.937 [info] Prepending environment variable PS1 in collection with (ValeAPI)  {"applyAtShellIntegration":true,"applyAtProcessCreation":true}
2025-04-11 06:28:51.937 [info] Setting environment variable VIRTUAL_ENV_PROMPT in collection to (ValeAPI)  {"applyAtShellIntegration":true,"applyAtProcessCreation":true}
2025-04-11 06:28:52.939 [info] Send text to terminal: /bin/python3 /root/.vscode/extensions/ms-python.python-2025.4.0-linux-x64/python_files/printEnvVariablesToFile.py /root/.vscode/extensions/ms-python.python-2025.4.0-linux-x64/python_files/deactivate/zsh/envVars.txt
2025-04-11 06:28:54.863 [info] Send text to terminal:  /usr/bin/env /root/ValeAPI/bin/python /root/.vscode/extensions/ms-python.debugpy-2025.6.0-linux-x64/bundled/libs/debugpy/adapter/../../debugpy/launcher 41717 -- /root/ValeAPI/auth.py 
2025-04-11 06:29:51.134 [info] Discover tests for workspace name: ValeAPI - uri: /root/ValeAPI/auth.py
2025-04-11 06:29:51.160 [info] Send text to terminal: 
2025-04-11 06:29:51.361 [info] Send text to terminal:  cd /root/ValeAPI ; /usr/bin/env /root/ValeAPI/bin/python /root/.vscode/extensions/ms-python.debugpy-2025.6.0-linux-x64/bundled/libs/debugpy/adapter/../../debugpy/launcher 56969 -- /root/ValeAPI/auth.py 
2025-04-11 06:30:26.393 [info] Send text to terminal: 
2025-04-11 06:30:26.596 [info] Send text to terminal:  cd /root/ValeAPI ; /usr/bin/env /root/ValeAPI/bin/python /root/.vscode/extensions/ms-python.debugpy-2025.6.0-linux-x64/bundled/libs/debugpy/adapter/../../debugpy/launcher 45489 -- /root/ValeAPI/auth.py 
