2025-04-11 06:27:25.313 [info] [main] Log level: Info
2025-04-11 06:27:25.313 [info] [main] Validating found git in: "git"
2025-04-11 06:27:25.313 [info] [main] Using git "2.39.5" from "git"
2025-04-11 06:27:25.313 [info] [Model][doInitialScan] Initial repository scan started
2025-04-11 06:27:25.313 [info] [Model][doInitialScan] Initial repository scan completed - repositories (0), closed repositories (0), parent repositories (0), unsafe repositories (0)
2025-04-11 06:28:11.195 [info] [main] Log level: Info
2025-04-11 06:28:11.195 [info] [main] Validating found git in: "git"
2025-04-11 06:28:11.195 [info] [main] Using git "2.39.5" from "git"
2025-04-11 06:28:11.195 [info] [Model][doInitialScan] Initial repository scan started
2025-04-11 06:28:11.195 [info] > git rev-parse --show-toplevel [5ms]
2025-04-11 06:28:11.203 [info] > git rev-parse --git-dir --git-common-dir [1ms]
2025-04-11 06:28:11.218 [info] [Model][openRepository] Opened repository: /root/ValeAPI
2025-04-11 06:28:11.236 [info] > git rev-parse --show-toplevel [3ms]
2025-04-11 06:28:11.237 [info] > git config --get commit.template [10ms]
2025-04-11 06:28:11.252 [info] > git rev-parse --show-toplevel [8ms]
2025-04-11 06:28:11.260 [info] > git for-each-ref --format=%(refname)%00%(upstream:short)%00%(objectname)%00%(upstream:track)%00%(upstream:remotename)%00%(upstream:remoteref) refs/heads/main refs/remotes/main [9ms]
2025-04-11 06:28:11.266 [warning] [Git][revParse] Unable to read file: ENOENT: no such file or directory, open '/root/ValeAPI/.git/refs/remotes/origin/main'
2025-04-11 06:28:11.267 [info] > git rev-parse --show-toplevel [8ms]
2025-04-11 06:28:11.273 [info] > git rev-parse refs/remotes/origin/main [6ms]
2025-04-11 06:28:11.313 [info] > git for-each-ref --sort -committerdate --format %(refname)%00%(objectname)%00%(*objectname) [27ms]
2025-04-11 06:28:11.314 [info] > git rev-parse --show-toplevel [42ms]
2025-04-11 06:28:11.336 [info] > git status -z -uall [57ms]
2025-04-11 06:28:11.376 [info] > git for-each-ref --format=%(refname)%00%(upstream:short)%00%(objectname)%00%(upstream:track)%00%(upstream:remotename)%00%(upstream:remoteref) refs/heads/main refs/remotes/main [10ms]
2025-04-11 06:28:11.382 [info] > git rev-parse --show-toplevel [47ms]
2025-04-11 06:28:11.392 [info] > git config --get --local branch.main.vscode-merge-base [10ms]
2025-04-11 06:28:11.398 [info] > git config --get commit.template [22ms]
2025-04-11 06:28:11.399 [info] > git rev-parse --show-toplevel [8ms]
2025-04-11 06:28:11.410 [info] > git for-each-ref --format=%(refname)%00%(upstream:short)%00%(objectname)%00%(upstream:track)%00%(upstream:remotename)%00%(upstream:remoteref) refs/heads/origin/main refs/remotes/origin/main [12ms]
2025-04-11 06:28:11.418 [info] > git rev-parse --show-toplevel [8ms]
2025-04-11 06:28:11.418 [info] > git for-each-ref --format=%(refname)%00%(upstream:short)%00%(objectname)%00%(upstream:track)%00%(upstream:remotename)%00%(upstream:remoteref) refs/heads/main refs/remotes/main [13ms]
2025-04-11 06:28:11.427 [warning] [Git][revParse] Unable to read file: ENOENT: no such file or directory, open '/root/ValeAPI/.git/refs/remotes/origin/main'
2025-04-11 06:28:11.428 [info] > git rev-parse --show-toplevel [5ms]
2025-04-11 06:28:11.431 [info] [Model][doInitialScan] Initial repository scan completed - repositories (1), closed repositories (0), parent repositories (0), unsafe repositories (0)
2025-04-11 06:28:11.432 [info] > git merge-base refs/heads/main refs/remotes/origin/main [16ms]
2025-04-11 06:28:11.463 [info] > git diff --name-status -z --diff-filter=ADMR 3622ed008aeebbae42ec04442d4f3b9a214f62cf...refs/remotes/origin/main [26ms]
2025-04-11 06:28:11.464 [info] > git rev-parse refs/remotes/origin/main [37ms]
2025-04-11 06:28:11.476 [info] > git for-each-ref --sort -committerdate --format %(refname)%00%(objectname)%00%(*objectname) [1ms]
2025-04-11 06:28:11.508 [info] > git status -z -uall [39ms]
2025-04-11 06:28:11.830 [info] > git check-ignore -v -z --stdin [13ms]
2025-04-11 06:28:13.502 [info] > git config --get commit.template [3ms]
2025-04-11 06:28:13.508 [info] > git for-each-ref --format=%(refname)%00%(upstream:short)%00%(objectname)%00%(upstream:track)%00%(upstream:remotename)%00%(upstream:remoteref) refs/heads/main refs/remotes/main [2ms]
2025-04-11 06:28:13.512 [warning] [Git][revParse] Unable to read file: ENOENT: no such file or directory, open '/root/ValeAPI/.git/refs/remotes/origin/main'
2025-04-11 06:28:13.514 [info] > git rev-parse refs/remotes/origin/main [2ms]
2025-04-11 06:28:13.525 [info] > git for-each-ref --sort -committerdate --format %(refname)%00%(objectname)%00%(*objectname) [2ms]
2025-04-11 06:28:13.558 [info] > git status -z -uall [40ms]
2025-04-11 06:28:18.580 [info] > git for-each-ref --format=%(refname)%00%(upstream:short)%00%(objectname)%00%(upstream:track)%00%(upstream:remotename)%00%(upstream:remoteref) refs/heads/main refs/remotes/main [1ms]
2025-04-11 06:28:18.581 [info] > git config --get commit.template [9ms]
2025-04-11 06:28:18.585 [warning] [Git][revParse] Unable to read file: ENOENT: no such file or directory, open '/root/ValeAPI/.git/refs/remotes/origin/main'
2025-04-11 06:28:18.587 [info] > git rev-parse refs/remotes/origin/main [2ms]
2025-04-11 06:28:18.600 [info] > git for-each-ref --sort -committerdate --format %(refname)%00%(objectname)%00%(*objectname) [3ms]
2025-04-11 06:28:18.653 [info] > git status -z -uall [61ms]
2025-04-11 06:28:18.856 [info] > git show --textconv :auth.py [7ms]
2025-04-11 06:28:18.860 [info] > git ls-files --stage -- auth.py [5ms]
2025-04-11 06:28:18.866 [info] > git cat-file -s dd9beef39bc2c4e5e866fdce0ee5c38425d3fc2f [2ms]
2025-04-11 06:28:25.067 [info] > git config --get commit.template [5ms]
2025-04-11 06:28:25.075 [info] > git for-each-ref --format=%(refname)%00%(upstream:short)%00%(objectname)%00%(upstream:track)%00%(upstream:remotename)%00%(upstream:remoteref) refs/heads/main refs/remotes/main [3ms]
2025-04-11 06:28:25.081 [warning] [Git][revParse] Unable to read file: ENOENT: no such file or directory, open '/root/ValeAPI/.git/refs/remotes/origin/main'
2025-04-11 06:28:25.081 [info] > git rev-parse refs/remotes/origin/main [1ms]
2025-04-11 06:28:25.093 [info] > git for-each-ref --sort -committerdate --format %(refname)%00%(objectname)%00%(*objectname) [2ms]
2025-04-11 06:28:25.131 [info] > git status -z -uall [45ms]
2025-04-11 06:28:30.149 [info] > git config --get commit.template [6ms]
2025-04-11 06:28:30.150 [info] > git for-each-ref --format=%(refname)%00%(upstream:short)%00%(objectname)%00%(upstream:track)%00%(upstream:remotename)%00%(upstream:remoteref) refs/heads/main refs/remotes/main [2ms]
2025-04-11 06:28:30.155 [warning] [Git][revParse] Unable to read file: ENOENT: no such file or directory, open '/root/ValeAPI/.git/refs/remotes/origin/main'
2025-04-11 06:28:30.157 [info] > git rev-parse refs/remotes/origin/main [2ms]
2025-04-11 06:28:30.167 [info] > git for-each-ref --sort -committerdate --format %(refname)%00%(objectname)%00%(*objectname) [2ms]
2025-04-11 06:28:30.199 [info] > git status -z -uall [39ms]
2025-04-11 06:28:35.219 [info] > git config --get commit.template [6ms]
2025-04-11 06:28:35.220 [info] > git for-each-ref --format=%(refname)%00%(upstream:short)%00%(objectname)%00%(upstream:track)%00%(upstream:remotename)%00%(upstream:remoteref) refs/heads/main refs/remotes/main [2ms]
2025-04-11 06:28:35.225 [warning] [Git][revParse] Unable to read file: ENOENT: no such file or directory, open '/root/ValeAPI/.git/refs/remotes/origin/main'
2025-04-11 06:28:35.226 [info] > git rev-parse refs/remotes/origin/main [1ms]
2025-04-11 06:28:35.237 [info] > git for-each-ref --sort -committerdate --format %(refname)%00%(objectname)%00%(*objectname) [2ms]
2025-04-11 06:28:35.278 [info] > git status -z -uall [46ms]
2025-04-11 06:28:40.294 [info] > git config --get commit.template [6ms]
2025-04-11 06:28:40.296 [info] > git for-each-ref --format=%(refname)%00%(upstream:short)%00%(objectname)%00%(upstream:track)%00%(upstream:remotename)%00%(upstream:remoteref) refs/heads/main refs/remotes/main [3ms]
2025-04-11 06:28:40.300 [warning] [Git][revParse] Unable to read file: ENOENT: no such file or directory, open '/root/ValeAPI/.git/refs/remotes/origin/main'
2025-04-11 06:28:40.301 [info] > git rev-parse refs/remotes/origin/main [1ms]
2025-04-11 06:28:40.313 [info] > git for-each-ref --sort -committerdate --format %(refname)%00%(objectname)%00%(*objectname) [2ms]
2025-04-11 06:28:40.346 [info] > git status -z -uall [40ms]
2025-04-11 06:28:45.365 [info] > git config --get commit.template [5ms]
2025-04-11 06:28:45.366 [info] > git for-each-ref --format=%(refname)%00%(upstream:short)%00%(objectname)%00%(upstream:track)%00%(upstream:remotename)%00%(upstream:remoteref) refs/heads/main refs/remotes/main [2ms]
2025-04-11 06:28:45.371 [warning] [Git][revParse] Unable to read file: ENOENT: no such file or directory, open '/root/ValeAPI/.git/refs/remotes/origin/main'
2025-04-11 06:28:45.373 [info] > git rev-parse refs/remotes/origin/main [2ms]
2025-04-11 06:28:45.387 [info] > git for-each-ref --sort -committerdate --format %(refname)%00%(objectname)%00%(*objectname) [3ms]
2025-04-11 06:28:45.428 [info] > git status -z -uall [50ms]
2025-04-11 06:28:48.893 [info] > git show --textconv :auth.py [8ms]
2025-04-11 06:28:48.899 [info] > git ls-files --stage -- auth.py [7ms]
2025-04-11 06:28:48.932 [info] > git cat-file -s dd9beef39bc2c4e5e866fdce0ee5c38425d3fc2f [23ms]
2025-04-11 06:28:50.446 [info] > git config --get commit.template [7ms]
2025-04-11 06:28:50.447 [info] > git for-each-ref --format=%(refname)%00%(upstream:short)%00%(objectname)%00%(upstream:track)%00%(upstream:remotename)%00%(upstream:remoteref) refs/heads/main refs/remotes/main [2ms]
2025-04-11 06:28:50.453 [warning] [Git][revParse] Unable to read file: ENOENT: no such file or directory, open '/root/ValeAPI/.git/refs/remotes/origin/main'
2025-04-11 06:28:50.454 [info] > git rev-parse refs/remotes/origin/main [1ms]
2025-04-11 06:28:50.468 [info] > git for-each-ref --sort -committerdate --format %(refname)%00%(objectname)%00%(*objectname) [2ms]
2025-04-11 06:28:50.499 [info] > git status -z -uall [39ms]
2025-04-11 06:28:57.823 [info] > git config --get commit.template [7ms]
2025-04-11 06:28:57.824 [info] > git for-each-ref --format=%(refname)%00%(upstream:short)%00%(objectname)%00%(upstream:track)%00%(upstream:remotename)%00%(upstream:remoteref) refs/heads/main refs/remotes/main [3ms]
2025-04-11 06:28:57.830 [warning] [Git][revParse] Unable to read file: ENOENT: no such file or directory, open '/root/ValeAPI/.git/refs/remotes/origin/main'
2025-04-11 06:28:57.831 [info] > git rev-parse refs/remotes/origin/main [1ms]
2025-04-11 06:28:57.846 [info] > git for-each-ref --sort -committerdate --format %(refname)%00%(objectname)%00%(*objectname) [2ms]
2025-04-11 06:28:57.886 [info] > git status -z -uall [48ms]
2025-04-11 06:29:06.137 [info] > git config --get commit.template [7ms]
2025-04-11 06:29:06.139 [info] > git for-each-ref --format=%(refname)%00%(upstream:short)%00%(objectname)%00%(upstream:track)%00%(upstream:remotename)%00%(upstream:remoteref) refs/heads/main refs/remotes/main [3ms]
2025-04-11 06:29:06.144 [warning] [Git][revParse] Unable to read file: ENOENT: no such file or directory, open '/root/ValeAPI/.git/refs/remotes/origin/main'
2025-04-11 06:29:06.146 [info] > git rev-parse refs/remotes/origin/main [2ms]
2025-04-11 06:29:06.160 [info] > git for-each-ref --sort -committerdate --format %(refname)%00%(objectname)%00%(*objectname) [2ms]
2025-04-11 06:29:06.192 [info] > git status -z -uall [41ms]
2025-04-11 06:29:18.978 [info] > git config --get commit.template [9ms]
2025-04-11 06:29:18.980 [info] > git for-each-ref --format=%(refname)%00%(upstream:short)%00%(objectname)%00%(upstream:track)%00%(upstream:remotename)%00%(upstream:remoteref) refs/heads/main refs/remotes/main [3ms]
2025-04-11 06:29:18.989 [warning] [Git][revParse] Unable to read file: ENOENT: no such file or directory, open '/root/ValeAPI/.git/refs/remotes/origin/main'
2025-04-11 06:29:18.990 [info] > git rev-parse refs/remotes/origin/main [2ms]
2025-04-11 06:29:19.006 [info] > git for-each-ref --sort -committerdate --format %(refname)%00%(objectname)%00%(*objectname) [3ms]
2025-04-11 06:29:19.041 [info] > git status -z -uall [45ms]
2025-04-11 06:29:19.248 [info] > git blame --root --incremental a456b578ab32a6859d41e7ab2e2f333902576010 -- auth.py [2ms]
2025-04-11 06:29:24.059 [info] > git config --get commit.template [6ms]
2025-04-11 06:29:24.062 [info] > git for-each-ref --format=%(refname)%00%(upstream:short)%00%(objectname)%00%(upstream:track)%00%(upstream:remotename)%00%(upstream:remoteref) refs/heads/main refs/remotes/main [2ms]
2025-04-11 06:29:24.067 [warning] [Git][revParse] Unable to read file: ENOENT: no such file or directory, open '/root/ValeAPI/.git/refs/remotes/origin/main'
2025-04-11 06:29:24.069 [info] > git rev-parse refs/remotes/origin/main [2ms]
2025-04-11 06:29:24.087 [info] > git for-each-ref --sort -committerdate --format %(refname)%00%(objectname)%00%(*objectname) [3ms]
2025-04-11 06:29:24.122 [info] > git status -z -uall [45ms]
2025-04-11 06:29:32.063 [info] > git config --get commit.template [2ms]
2025-04-11 06:29:32.072 [info] > git for-each-ref --format=%(refname)%00%(upstream:short)%00%(objectname)%00%(upstream:track)%00%(upstream:remotename)%00%(upstream:remoteref) refs/heads/main refs/remotes/main [1ms]
2025-04-11 06:29:32.081 [warning] [Git][revParse] Unable to read file: ENOENT: no such file or directory, open '/root/ValeAPI/.git/refs/remotes/origin/main'
2025-04-11 06:29:32.082 [info] > git rev-parse refs/remotes/origin/main [1ms]
2025-04-11 06:29:32.102 [info] > git for-each-ref --sort -committerdate --format %(refname)%00%(objectname)%00%(*objectname) [1ms]
2025-04-11 06:29:32.132 [info] > git status -z -uall [42ms]
2025-04-11 06:29:37.305 [info] > git config --get commit.template [9ms]
2025-04-11 06:29:37.308 [info] > git for-each-ref --format=%(refname)%00%(upstream:short)%00%(objectname)%00%(upstream:track)%00%(upstream:remotename)%00%(upstream:remoteref) refs/heads/main refs/remotes/main [4ms]
2025-04-11 06:29:37.317 [warning] [Git][revParse] Unable to read file: ENOENT: no such file or directory, open '/root/ValeAPI/.git/refs/remotes/origin/main'
2025-04-11 06:29:37.318 [info] > git rev-parse refs/remotes/origin/main [2ms]
2025-04-11 06:29:37.334 [info] > git for-each-ref --sort -committerdate --format %(refname)%00%(objectname)%00%(*objectname) [2ms]
2025-04-11 06:29:37.372 [info] > git status -z -uall [47ms]
2025-04-11 06:29:42.399 [info] > git config --get commit.template [8ms]
2025-04-11 06:29:42.401 [info] > git for-each-ref --format=%(refname)%00%(upstream:short)%00%(objectname)%00%(upstream:track)%00%(upstream:remotename)%00%(upstream:remoteref) refs/heads/main refs/remotes/main [3ms]
2025-04-11 06:29:42.409 [warning] [Git][revParse] Unable to read file: ENOENT: no such file or directory, open '/root/ValeAPI/.git/refs/remotes/origin/main'
2025-04-11 06:29:42.410 [info] > git rev-parse refs/remotes/origin/main [1ms]
2025-04-11 06:29:42.428 [info] > git for-each-ref --sort -committerdate --format %(refname)%00%(objectname)%00%(*objectname) [2ms]
2025-04-11 06:29:42.463 [info] > git status -z -uall [44ms]
2025-04-11 06:29:47.486 [info] > git config --get commit.template [10ms]
2025-04-11 06:29:47.488 [info] > git for-each-ref --format=%(refname)%00%(upstream:short)%00%(objectname)%00%(upstream:track)%00%(upstream:remotename)%00%(upstream:remoteref) refs/heads/main refs/remotes/main [2ms]
2025-04-11 06:29:47.494 [warning] [Git][revParse] Unable to read file: ENOENT: no such file or directory, open '/root/ValeAPI/.git/refs/remotes/origin/main'
2025-04-11 06:29:47.495 [info] > git rev-parse refs/remotes/origin/main [1ms]
2025-04-11 06:29:47.511 [info] > git for-each-ref --sort -committerdate --format %(refname)%00%(objectname)%00%(*objectname) [2ms]
2025-04-11 06:29:47.542 [info] > git status -z -uall [41ms]
2025-04-11 06:29:52.556 [info] > git config --get commit.template [2ms]
2025-04-11 06:29:52.564 [info] > git for-each-ref --format=%(refname)%00%(upstream:short)%00%(objectname)%00%(upstream:track)%00%(upstream:remotename)%00%(upstream:remoteref) refs/heads/main refs/remotes/main [2ms]
2025-04-11 06:29:52.569 [warning] [Git][revParse] Unable to read file: ENOENT: no such file or directory, open '/root/ValeAPI/.git/refs/remotes/origin/main'
2025-04-11 06:29:52.571 [info] > git rev-parse refs/remotes/origin/main [2ms]
2025-04-11 06:29:52.584 [info] > git for-each-ref --sort -committerdate --format %(refname)%00%(objectname)%00%(*objectname) [2ms]
2025-04-11 06:29:52.635 [info] > git status -z -uall [59ms]
2025-04-11 06:30:14.699 [info] > git config --get commit.template [9ms]
2025-04-11 06:30:14.700 [info] > git for-each-ref --format=%(refname)%00%(upstream:short)%00%(objectname)%00%(upstream:track)%00%(upstream:remotename)%00%(upstream:remoteref) refs/heads/main refs/remotes/main [2ms]
2025-04-11 06:30:14.707 [warning] [Git][revParse] Unable to read file: ENOENT: no such file or directory, open '/root/ValeAPI/.git/refs/remotes/origin/main'
2025-04-11 06:30:14.710 [info] > git rev-parse refs/remotes/origin/main [3ms]
2025-04-11 06:30:14.727 [info] > git for-each-ref --sort -committerdate --format %(refname)%00%(objectname)%00%(*objectname) [3ms]
2025-04-11 06:30:14.776 [info] > git status -z -uall [59ms]
2025-04-11 06:30:22.847 [info] > git config --get commit.template [8ms]
2025-04-11 06:30:22.849 [info] > git for-each-ref --format=%(refname)%00%(upstream:short)%00%(objectname)%00%(upstream:track)%00%(upstream:remotename)%00%(upstream:remoteref) refs/heads/main refs/remotes/main [3ms]
2025-04-11 06:30:22.858 [warning] [Git][revParse] Unable to read file: ENOENT: no such file or directory, open '/root/ValeAPI/.git/refs/remotes/origin/main'
2025-04-11 06:30:22.861 [info] > git rev-parse refs/remotes/origin/main [3ms]
2025-04-11 06:30:22.878 [info] > git for-each-ref --sort -committerdate --format %(refname)%00%(objectname)%00%(*objectname) [3ms]
2025-04-11 06:30:22.910 [info] > git status -z -uall [41ms]
2025-04-11 06:30:29.016 [info] > git config --get commit.template [9ms]
2025-04-11 06:30:29.018 [info] > git for-each-ref --format=%(refname)%00%(upstream:short)%00%(objectname)%00%(upstream:track)%00%(upstream:remotename)%00%(upstream:remoteref) refs/heads/main refs/remotes/main [2ms]
2025-04-11 06:30:29.028 [warning] [Git][revParse] Unable to read file: ENOENT: no such file or directory, open '/root/ValeAPI/.git/refs/remotes/origin/main'
2025-04-11 06:30:29.030 [info] > git rev-parse refs/remotes/origin/main [2ms]
2025-04-11 06:30:29.050 [info] > git for-each-ref --sort -committerdate --format %(refname)%00%(objectname)%00%(*objectname) [4ms]
2025-04-11 06:30:29.094 [info] > git status -z -uall [56ms]
2025-04-11 06:30:46.399 [info] > git config --get commit.template [10ms]
2025-04-11 06:30:46.401 [info] > git for-each-ref --format=%(refname)%00%(upstream:short)%00%(objectname)%00%(upstream:track)%00%(upstream:remotename)%00%(upstream:remoteref) refs/heads/main refs/remotes/main [3ms]
2025-04-11 06:30:46.410 [warning] [Git][revParse] Unable to read file: ENOENT: no such file or directory, open '/root/ValeAPI/.git/refs/remotes/origin/main'
2025-04-11 06:30:46.412 [info] > git rev-parse refs/remotes/origin/main [2ms]
2025-04-11 06:30:46.433 [info] > git for-each-ref --sort -committerdate --format %(refname)%00%(objectname)%00%(*objectname) [4ms]
2025-04-11 06:30:46.472 [info] > git status -z -uall [52ms]
2025-04-11 06:30:58.388 [info] > git config --get commit.template [10ms]
2025-04-11 06:30:58.388 [info] > git for-each-ref --format=%(refname)%00%(upstream:short)%00%(objectname)%00%(upstream:track)%00%(upstream:remotename)%00%(upstream:remoteref) refs/heads/main refs/remotes/main [2ms]
2025-04-11 06:30:58.396 [warning] [Git][revParse] Unable to read file: ENOENT: no such file or directory, open '/root/ValeAPI/.git/refs/remotes/origin/main'
2025-04-11 06:30:58.398 [info] > git rev-parse refs/remotes/origin/main [2ms]
2025-04-11 06:30:58.419 [info] > git for-each-ref --sort -committerdate --format %(refname)%00%(objectname)%00%(*objectname) [3ms]
2025-04-11 06:30:58.450 [info] > git status -z -uall [45ms]
2025-04-11 06:31:03.477 [info] > git config --get commit.template [9ms]
2025-04-11 06:31:03.478 [info] > git for-each-ref --format=%(refname)%00%(upstream:short)%00%(objectname)%00%(upstream:track)%00%(upstream:remotename)%00%(upstream:remoteref) refs/heads/main refs/remotes/main [2ms]
2025-04-11 06:31:03.487 [warning] [Git][revParse] Unable to read file: ENOENT: no such file or directory, open '/root/ValeAPI/.git/refs/remotes/origin/main'
2025-04-11 06:31:03.490 [info] > git rev-parse refs/remotes/origin/main [3ms]
2025-04-11 06:31:03.511 [info] > git for-each-ref --sort -committerdate --format %(refname)%00%(objectname)%00%(*objectname) [4ms]
2025-04-11 06:31:03.553 [info] > git status -z -uall [53ms]
2025-04-11 06:31:08.577 [info] > git config --get commit.template [9ms]
2025-04-11 06:31:08.579 [info] > git for-each-ref --format=%(refname)%00%(upstream:short)%00%(objectname)%00%(upstream:track)%00%(upstream:remotename)%00%(upstream:remoteref) refs/heads/main refs/remotes/main [2ms]
2025-04-11 06:31:08.586 [warning] [Git][revParse] Unable to read file: ENOENT: no such file or directory, open '/root/ValeAPI/.git/refs/remotes/origin/main'
2025-04-11 06:31:08.587 [info] > git rev-parse refs/remotes/origin/main [2ms]
2025-04-11 06:31:08.604 [info] > git for-each-ref --sort -committerdate --format %(refname)%00%(objectname)%00%(*objectname) [2ms]
2025-04-11 06:31:08.642 [info] > git status -z -uall [48ms]
2025-04-11 06:31:13.668 [info] > git config --get commit.template [11ms]
2025-04-11 06:31:13.669 [info] > git for-each-ref --format=%(refname)%00%(upstream:short)%00%(objectname)%00%(upstream:track)%00%(upstream:remotename)%00%(upstream:remoteref) refs/heads/main refs/remotes/main [3ms]
2025-04-11 06:31:13.677 [warning] [Git][revParse] Unable to read file: ENOENT: no such file or directory, open '/root/ValeAPI/.git/refs/remotes/origin/main'
2025-04-11 06:31:13.679 [info] > git rev-parse refs/remotes/origin/main [2ms]
2025-04-11 06:31:13.695 [info] > git for-each-ref --sort -committerdate --format %(refname)%00%(objectname)%00%(*objectname) [3ms]
2025-04-11 06:31:13.732 [info] > git status -z -uall [47ms]
2025-04-11 06:31:18.757 [info] > git config --get commit.template [8ms]
2025-04-11 06:31:18.760 [info] > git for-each-ref --format=%(refname)%00%(upstream:short)%00%(objectname)%00%(upstream:track)%00%(upstream:remotename)%00%(upstream:remoteref) refs/heads/main refs/remotes/main [3ms]
2025-04-11 06:31:18.768 [warning] [Git][revParse] Unable to read file: ENOENT: no such file or directory, open '/root/ValeAPI/.git/refs/remotes/origin/main'
2025-04-11 06:31:18.770 [info] > git rev-parse refs/remotes/origin/main [2ms]
2025-04-11 06:31:18.790 [info] > git for-each-ref --sort -committerdate --format %(refname)%00%(objectname)%00%(*objectname) [3ms]
2025-04-11 06:31:18.822 [info] > git status -z -uall [44ms]
2025-04-11 06:31:23.845 [info] > git config --get commit.template [9ms]
2025-04-11 06:31:23.846 [info] > git for-each-ref --format=%(refname)%00%(upstream:short)%00%(objectname)%00%(upstream:track)%00%(upstream:remotename)%00%(upstream:remoteref) refs/heads/main refs/remotes/main [2ms]
2025-04-11 06:31:23.854 [warning] [Git][revParse] Unable to read file: ENOENT: no such file or directory, open '/root/ValeAPI/.git/refs/remotes/origin/main'
2025-04-11 06:31:23.855 [info] > git rev-parse refs/remotes/origin/main [1ms]
2025-04-11 06:31:23.873 [info] > git for-each-ref --sort -committerdate --format %(refname)%00%(objectname)%00%(*objectname) [2ms]
2025-04-11 06:31:23.908 [info] > git status -z -uall [45ms]
2025-04-11 06:31:28.935 [info] > git config --get commit.template [11ms]
2025-04-11 06:31:28.937 [info] > git for-each-ref --format=%(refname)%00%(upstream:short)%00%(objectname)%00%(upstream:track)%00%(upstream:remotename)%00%(upstream:remoteref) refs/heads/main refs/remotes/main [3ms]
2025-04-11 06:31:28.944 [warning] [Git][revParse] Unable to read file: ENOENT: no such file or directory, open '/root/ValeAPI/.git/refs/remotes/origin/main'
2025-04-11 06:31:28.946 [info] > git rev-parse refs/remotes/origin/main [2ms]
2025-04-11 06:31:28.968 [info] > git for-each-ref --sort -committerdate --format %(refname)%00%(objectname)%00%(*objectname) [4ms]
2025-04-11 06:31:29.004 [info] > git status -z -uall [50ms]
2025-04-11 06:31:34.031 [info] > git config --get commit.template [12ms]
2025-04-11 06:31:34.033 [info] > git for-each-ref --format=%(refname)%00%(upstream:short)%00%(objectname)%00%(upstream:track)%00%(upstream:remotename)%00%(upstream:remoteref) refs/heads/main refs/remotes/main [2ms]
2025-04-11 06:31:34.042 [warning] [Git][revParse] Unable to read file: ENOENT: no such file or directory, open '/root/ValeAPI/.git/refs/remotes/origin/main'
2025-04-11 06:31:34.044 [info] > git rev-parse refs/remotes/origin/main [1ms]
2025-04-11 06:31:34.061 [info] > git for-each-ref --sort -committerdate --format %(refname)%00%(objectname)%00%(*objectname) [3ms]
2025-04-11 06:31:34.096 [info] > git status -z -uall [45ms]
2025-04-11 06:31:39.125 [info] > git config --get commit.template [7ms]
2025-04-11 06:31:39.126 [info] > git for-each-ref --format=%(refname)%00%(upstream:short)%00%(objectname)%00%(upstream:track)%00%(upstream:remotename)%00%(upstream:remoteref) refs/heads/main refs/remotes/main [2ms]
2025-04-11 06:31:39.134 [warning] [Git][revParse] Unable to read file: ENOENT: no such file or directory, open '/root/ValeAPI/.git/refs/remotes/origin/main'
2025-04-11 06:31:39.136 [info] > git rev-parse refs/remotes/origin/main [2ms]
2025-04-11 06:31:39.158 [info] > git for-each-ref --sort -committerdate --format %(refname)%00%(objectname)%00%(*objectname) [4ms]
2025-04-11 06:31:39.189 [info] > git status -z -uall [45ms]
2025-04-11 06:31:44.207 [info] > git config --get commit.template [1ms]
2025-04-11 06:31:44.220 [info] > git for-each-ref --format=%(refname)%00%(upstream:short)%00%(objectname)%00%(upstream:track)%00%(upstream:remotename)%00%(upstream:remoteref) refs/heads/main refs/remotes/main [3ms]
2025-04-11 06:31:44.228 [warning] [Git][revParse] Unable to read file: ENOENT: no such file or directory, open '/root/ValeAPI/.git/refs/remotes/origin/main'
2025-04-11 06:31:44.229 [info] > git rev-parse refs/remotes/origin/main [2ms]
2025-04-11 06:31:44.247 [info] > git for-each-ref --sort -committerdate --format %(refname)%00%(objectname)%00%(*objectname) [4ms]
2025-04-11 06:31:44.278 [info] > git status -z -uall [42ms]
2025-04-11 06:31:49.304 [info] > git config --get commit.template [9ms]
2025-04-11 06:31:49.305 [info] > git for-each-ref --format=%(refname)%00%(upstream:short)%00%(objectname)%00%(upstream:track)%00%(upstream:remotename)%00%(upstream:remoteref) refs/heads/main refs/remotes/main [3ms]
2025-04-11 06:31:49.313 [warning] [Git][revParse] Unable to read file: ENOENT: no such file or directory, open '/root/ValeAPI/.git/refs/remotes/origin/main'
2025-04-11 06:31:49.315 [info] > git rev-parse refs/remotes/origin/main [2ms]
2025-04-11 06:31:49.333 [info] > git for-each-ref --sort -committerdate --format %(refname)%00%(objectname)%00%(*objectname) [3ms]
2025-04-11 06:31:49.365 [info] > git status -z -uall [42ms]
2025-04-11 06:31:54.389 [info] > git config --get commit.template [9ms]
2025-04-11 06:31:54.391 [info] > git for-each-ref --format=%(refname)%00%(upstream:short)%00%(objectname)%00%(upstream:track)%00%(upstream:remotename)%00%(upstream:remoteref) refs/heads/main refs/remotes/main [3ms]
2025-04-11 06:31:54.399 [warning] [Git][revParse] Unable to read file: ENOENT: no such file or directory, open '/root/ValeAPI/.git/refs/remotes/origin/main'
2025-04-11 06:31:54.401 [info] > git rev-parse refs/remotes/origin/main [2ms]
2025-04-11 06:31:54.419 [info] > git for-each-ref --sort -committerdate --format %(refname)%00%(objectname)%00%(*objectname) [3ms]
2025-04-11 06:31:54.457 [info] > git status -z -uall [48ms]
2025-04-11 06:31:59.480 [info] > git config --get commit.template [9ms]
2025-04-11 06:31:59.481 [info] > git for-each-ref --format=%(refname)%00%(upstream:short)%00%(objectname)%00%(upstream:track)%00%(upstream:remotename)%00%(upstream:remoteref) refs/heads/main refs/remotes/main [2ms]
2025-04-11 06:31:59.487 [warning] [Git][revParse] Unable to read file: ENOENT: no such file or directory, open '/root/ValeAPI/.git/refs/remotes/origin/main'
2025-04-11 06:31:59.488 [info] > git rev-parse refs/remotes/origin/main [1ms]
2025-04-11 06:31:59.506 [info] > git for-each-ref --sort -committerdate --format %(refname)%00%(objectname)%00%(*objectname) [2ms]
2025-04-11 06:31:59.548 [info] > git status -z -uall [53ms]
2025-04-11 06:32:06.160 [info] > git config --get commit.template [10ms]
2025-04-11 06:32:06.162 [info] > git for-each-ref --format=%(refname)%00%(upstream:short)%00%(objectname)%00%(upstream:track)%00%(upstream:remotename)%00%(upstream:remoteref) refs/heads/main refs/remotes/main [3ms]
2025-04-11 06:32:06.169 [warning] [Git][revParse] Unable to read file: ENOENT: no such file or directory, open '/root/ValeAPI/.git/refs/remotes/origin/main'
2025-04-11 06:32:06.170 [info] > git rev-parse refs/remotes/origin/main [1ms]
2025-04-11 06:32:06.185 [info] > git for-each-ref --sort -committerdate --format %(refname)%00%(objectname)%00%(*objectname) [2ms]
2025-04-11 06:32:06.224 [info] > git status -z -uall [47ms]
2025-04-11 06:32:23.398 [info] > git config --get commit.template [3ms]
2025-04-11 06:32:23.408 [info] > git for-each-ref --format=%(refname)%00%(upstream:short)%00%(objectname)%00%(upstream:track)%00%(upstream:remotename)%00%(upstream:remoteref) refs/heads/main refs/remotes/main [3ms]
2025-04-11 06:32:23.418 [warning] [Git][revParse] Unable to read file: ENOENT: no such file or directory, open '/root/ValeAPI/.git/refs/remotes/origin/main'
2025-04-11 06:32:23.420 [info] > git rev-parse refs/remotes/origin/main [2ms]
2025-04-11 06:32:23.438 [info] > git for-each-ref --sort -committerdate --format %(refname)%00%(objectname)%00%(*objectname) [3ms]
2025-04-11 06:32:23.486 [info] > git status -z -uall [59ms]
2025-04-11 06:33:28.836 [info] > git config --get commit.template [9ms]
2025-04-11 06:33:28.837 [info] > git for-each-ref --format=%(refname)%00%(upstream:short)%00%(objectname)%00%(upstream:track)%00%(upstream:remotename)%00%(upstream:remoteref) refs/heads/main refs/remotes/main [3ms]
2025-04-11 06:33:28.845 [warning] [Git][revParse] Unable to read file: ENOENT: no such file or directory, open '/root/ValeAPI/.git/refs/remotes/origin/main'
2025-04-11 06:33:28.847 [info] > git rev-parse refs/remotes/origin/main [2ms]
2025-04-11 06:33:28.864 [info] > git for-each-ref --sort -committerdate --format %(refname)%00%(objectname)%00%(*objectname) [2ms]
2025-04-11 06:33:28.911 [info] > git status -z -uall [57ms]
2025-04-11 06:34:52.045 [info] > git config --get commit.template [9ms]
2025-04-11 06:34:52.047 [info] > git for-each-ref --format=%(refname)%00%(upstream:short)%00%(objectname)%00%(upstream:track)%00%(upstream:remotename)%00%(upstream:remoteref) refs/heads/main refs/remotes/main [3ms]
2025-04-11 06:34:52.055 [warning] [Git][revParse] Unable to read file: ENOENT: no such file or directory, open '/root/ValeAPI/.git/refs/remotes/origin/main'
2025-04-11 06:34:52.057 [info] > git rev-parse refs/remotes/origin/main [2ms]
2025-04-11 06:34:52.076 [info] > git for-each-ref --sort -committerdate --format %(refname)%00%(objectname)%00%(*objectname) [4ms]
2025-04-11 06:34:52.124 [info] > git status -z -uall [59ms]
