2025-04-11 06:27:24.711 [info] Extension host with pid 8680 started
2025-04-11 06:27:24.879 [info] ExtensionService#_doActivateExtension vscode.github-authentication, startup: false, activationEvent: 'onAuthenticationRequest:github'
2025-04-11 06:27:24.954 [info] ExtensionService#_doActivateExtension vscode.git-base, startup: true, activationEvent: '*', root cause: vscode.git
2025-04-11 06:27:25.046 [info] ExtensionService#_doActivateExtension vscode.git, startup: true, activationEvent: '*'
2025-04-11 06:27:25.107 [info] ExtensionService#_doActivateExtension vscode.github, startup: true, activationEvent: '*'
2025-04-11 06:27:25.240 [info] Eager extensions activated
2025-04-11 06:27:25.254 [info] ExtensionService#_doActivateExtension vscode.debug-auto-launch, startup: false, activationEvent: 'onStartupFinished'
2025-04-11 06:27:25.258 [info] ExtensionService#_doActivateExtension vscode.merge-conflict, startup: false, activationEvent: 'onStartupFinished'
2025-04-11 06:28:04.444 [info] Extension host terminating: renderer closed the MessagePort
2025-04-11 06:28:04.466 [info] Extension host with pid 8680 exiting with code 0
2025-04-11 06:28:05.885 [info] Extension host with pid 8826 started
2025-04-11 06:28:05.885 [info] Skipping acquiring lock for /root/ValeAPI/~/.vscode-root/User/workspaceStorage/a70c9dd12cfc8c171246462a34e08227.
2025-04-11 06:28:05.905 [info] ExtensionService#_doActivateExtension vscode.github-authentication, startup: false, activationEvent: 'onAuthenticationRequest:github'
2025-04-11 06:28:05.974 [info] ExtensionService#_doActivateExtension vscode.git-base, startup: true, activationEvent: '*'
2025-04-11 06:28:05.979 [info] ExtensionService#_doActivateExtension vscode.github, startup: true, activationEvent: '*'
2025-04-11 06:28:06.030 [info] Eager extensions activated
2025-04-11 06:28:06.129 [info] ExtensionService#_doActivateExtension vscode.debug-auto-launch, startup: false, activationEvent: 'onStartupFinished'
2025-04-11 06:28:06.132 [info] ExtensionService#_doActivateExtension vscode.merge-conflict, startup: false, activationEvent: 'onStartupFinished'
2025-04-11 06:28:11.029 [info] ExtensionService#_doActivateExtension vscode.git, startup: false, activationEvent: 'api', root cause: vscode.github
2025-04-11 06:28:11.287 [info] ExtensionService#_doActivateExtension vscode.emmet, startup: false, activationEvent: 'onLanguage'
2025-04-11 06:28:25.063 [info] ExtensionService#_doActivateExtension vscode.debug-server-ready, startup: false, activationEvent: 'onDebugResolve'
2025-04-11 06:28:46.073 [info] ExtensionService#_doActivateExtension ms-python.python, startup: false, activationEvent: 'onLanguage:python', root cause: ms-python.debugpy
2025-04-11 06:28:47.004 [info] ExtensionService#_doActivateExtension ms-python.debugpy, startup: false, activationEvent: 'onLanguage:python'
2025-04-11 06:28:47.077 [info] ExtensionService#_doActivateExtension ms-python.vscode-pylance, startup: false, activationEvent: 'onLanguage:python'
