2025-04-11 06:27:24.960 [info] Reading sessions from keychain...
2025-04-11 06:27:24.960 [info] Getting sessions for all scopes...
2025-04-11 06:27:24.960 [info] Getting sessions for all scopes...
2025-04-11 06:27:24.960 [info] Getting sessions for all scopes...
2025-04-11 06:27:24.960 [info] Getting sessions for all scopes...
2025-04-11 06:27:24.960 [info] Getting sessions for all scopes...
2025-04-11 06:27:24.960 [info] Getting sessions for all scopes...
2025-04-11 06:27:24.960 [info] Getting sessions for all scopes...
2025-04-11 06:27:24.960 [info] Getting sessions for all scopes...
2025-04-11 06:27:24.974 [info] Getting sessions for all scopes...
2025-04-11 06:27:52.017 [info] Got 0 sessions for ...
2025-04-11 06:27:52.017 [info] Got 0 sessions for ...
2025-04-11 06:27:52.017 [info] Got 0 sessions for ...
2025-04-11 06:27:52.017 [info] Got 0 sessions for ...
2025-04-11 06:27:52.017 [info] Got 0 sessions for ...
2025-04-11 06:27:52.017 [info] Got 0 sessions for ...
2025-04-11 06:27:52.017 [info] Got 0 sessions for ...
2025-04-11 06:27:52.017 [info] Got 0 sessions for ...
2025-04-11 06:27:52.017 [info] Got 0 sessions for ...
2025-04-11 06:27:52.024 [info] Getting sessions for all scopes...
2025-04-11 06:27:52.024 [info] Got 0 sessions for ...
2025-04-11 06:28:05.971 [info] Reading sessions from keychain...
2025-04-11 06:28:05.971 [info] Getting sessions for all scopes...
2025-04-11 06:28:05.971 [info] Getting sessions for all scopes...
2025-04-11 06:28:05.971 [info] Getting sessions for all scopes...
2025-04-11 06:28:05.971 [info] Got 0 sessions for ...
2025-04-11 06:28:05.971 [info] Got 0 sessions for ...
2025-04-11 06:28:05.971 [info] Got 0 sessions for ...
2025-04-11 06:28:05.972 [info] Getting sessions for all scopes...
2025-04-11 06:28:05.972 [info] Got 0 sessions for ...
2025-04-11 06:28:05.973 [info] Getting sessions for all scopes...
2025-04-11 06:28:05.973 [info] Got 0 sessions for ...
2025-04-11 06:28:05.973 [info] Getting sessions for all scopes...
2025-04-11 06:28:05.973 [info] Got 0 sessions for ...
2025-04-11 06:28:05.973 [info] Getting sessions for all scopes...
2025-04-11 06:28:05.973 [info] Got 0 sessions for ...
2025-04-11 06:28:05.973 [info] Getting sessions for all scopes...
2025-04-11 06:28:05.973 [info] Got 0 sessions for ...
2025-04-11 06:28:06.274 [info] Getting sessions for all scopes...
2025-04-11 06:28:06.274 [info] Got 0 sessions for ...
2025-04-11 06:28:07.563 [info] Getting sessions for all scopes...
2025-04-11 06:28:07.563 [info] Got 0 sessions for ...
2025-04-11 06:28:11.400 [info] Getting sessions for read:user,repo,user:email,workflow...
2025-04-11 06:28:11.400 [info] Got 0 sessions for read:user,repo,user:email,workflow...
