2025-04-11 07:01:52.227 [info] Reading sessions from keychain...
2025-04-11 07:01:52.227 [info] Getting sessions for all scopes...
2025-04-11 07:01:52.227 [info] Getting sessions for all scopes...
2025-04-11 07:01:52.227 [info] Getting sessions for all scopes...
2025-04-11 07:01:52.227 [info] Getting sessions for all scopes...
2025-04-11 07:01:52.227 [info] Getting sessions for all scopes...
2025-04-11 07:01:52.227 [info] Getting sessions for all scopes...
2025-04-11 07:01:52.227 [info] Getting sessions for all scopes...
2025-04-11 07:01:52.227 [info] Getting sessions for all scopes...
2025-04-11 07:01:53.084 [info] Getting sessions for all scopes...
2025-04-11 07:01:53.647 [info] Getting sessions for read:user,repo,user:email,workflow...
2025-04-11 07:02:04.927 [info] Got 0 sessions for ...
2025-04-11 07:02:04.927 [info] Got 0 sessions for ...
2025-04-11 07:02:04.928 [info] Got 0 sessions for ...
2025-04-11 07:02:04.928 [info] Got 0 sessions for ...
2025-04-11 07:02:04.928 [info] Got 0 sessions for ...
2025-04-11 07:02:04.928 [info] Got 0 sessions for ...
2025-04-11 07:02:04.928 [info] Got 0 sessions for ...
2025-04-11 07:02:04.928 [info] Got 0 sessions for ...
2025-04-11 07:02:04.928 [info] Got 0 sessions for ...
2025-04-11 07:02:04.928 [info] Got 0 sessions for read:user,repo,user:email,workflow...
2025-04-11 07:02:04.932 [info] Getting sessions for all scopes...
2025-04-11 07:02:04.932 [info] Got 0 sessions for ...
2025-04-11 07:04:58.623 [info] Getting sessions for read:user,repo,user:email,workflow...
2025-04-11 07:04:58.623 [info] Got 0 sessions for read:user,repo,user:email,workflow...
