2025-04-11 07:01:48.747 [info] update#setState idle
2025-04-11 07:02:18.629 [info] update#setState checking for updates
2025-04-11 07:02:18.749 [info] update#setState idle
2025-04-11 08:02:18.633 [info] update#setState checking for updates
2025-04-11 08:02:19.116 [info] update#setState idle
2025-04-11 09:02:18.638 [info] update#setState checking for updates
2025-04-11 09:02:19.006 [info] update#setState idle
2025-04-11 10:02:18.643 [info] update#setState checking for updates
2025-04-11 10:02:19.151 [info] update#setState idle
2025-04-11 11:02:18.647 [info] update#setState checking for updates
2025-04-11 11:02:20.360 [info] update#setState idle
2025-04-11 12:02:18.651 [info] update#setState checking for updates
2025-04-11 12:02:21.017 [error] #7: https://update.code.visualstudio.com/api/update/linux-x64/stable/4949701c880d4bdb949e3c0e6b400288da7f474b - error undefined net::ERR_CONNECTION_CLOSED
2025-04-11 12:02:21.018 [error] Error: net::ERR_CONNECTION_CLOSED
    at SimpleURLLoaderWrapper.<anonymous> (node:electron/js2c/browser_init:2:118774)
    at SimpleURLLoaderWrapper.emit (node:events:518:28)
2025-04-11 12:02:21.020 [info] update#setState idle
2025-04-11 13:02:18.655 [info] update#setState checking for updates
2025-04-11 13:02:19.161 [info] update#setState idle
2025-04-11 14:02:18.659 [info] update#setState checking for updates
2025-04-11 14:02:20.133 [info] update#setState idle
2025-04-11 15:02:18.663 [info] update#setState checking for updates
2025-04-11 15:02:19.069 [info] update#setState idle
2025-04-11 16:02:18.668 [info] update#setState checking for updates
2025-04-11 16:02:18.996 [info] update#setState idle
2025-04-11 17:02:18.671 [info] update#setState checking for updates
2025-04-11 17:02:20.515 [info] update#setState idle
2025-04-11 18:02:18.676 [info] update#setState checking for updates
2025-04-11 18:02:20.914 [error] #13: https://update.code.visualstudio.com/api/update/linux-x64/stable/4949701c880d4bdb949e3c0e6b400288da7f474b - error undefined net::ERR_CONNECTION_CLOSED
2025-04-11 18:02:20.914 [error] Error: net::ERR_CONNECTION_CLOSED
    at SimpleURLLoaderWrapper.<anonymous> (node:electron/js2c/browser_init:2:118774)
    at SimpleURLLoaderWrapper.emit (node:events:518:28)
2025-04-11 18:02:20.914 [info] update#setState idle
2025-04-11 19:02:18.679 [info] update#setState checking for updates
2025-04-11 19:02:19.412 [info] update#setState idle
2025-04-11 20:02:18.687 [info] update#setState checking for updates
2025-04-11 20:02:20.218 [info] update#setState idle
2025-04-11 21:02:18.694 [info] update#setState checking for updates
2025-04-11 21:02:19.472 [info] update#setState idle
